// Jest Snapshot v1, https://goo.gl/fbAQLP

exports[`<Cart/> renders and matches snapshot 1`] = `
<header>
  <CloseButton
    onClick={[Function]}
    title="close"
  >
    <button
      className="CloseButton-sc-1seb878-0 lbNKfp"
      onClick={[Function]}
      title="close"
    >
      Ã—
    </button>
  </CloseButton>
  <CartTitle>
    <h3
      className="CartTitle-sc-1qpm1ti-0 eUPDZO"
    >
      Miss Coleman Berge's
       Cart
    </h3>
  </CartTitle>
  <p>
    You have 
    1
     item
     in your cart.
  </p>
</header>
`;
