// Jest Snapshot v1, https://goo.gl/fbAQLP

exports[`<Item/> renders and matches the snapshot 1`] = `
<ItemStyles__Item>
  <Link
    href={
      Object {
        "pathname": "/item",
        "query": Object {
          "id": "ABC123",
        },
      }
    }
  >
    <a>
      <div
        className="img-wrapper"
      >
        <img
          alt="A test item"
          src="sunglasses.jpg"
        />
      </div>
    </a>
  </Link>
  <div
    className="item__details"
  >
    <Link
      href={
        Object {
          "pathname": "/item",
          "query": Object {
            "id": "ABC123",
          },
        }
      }
    >
      <a>
        <Title>
          A test item
        </Title>
        <p>
          This is a really nice item.
        </p>
        <span
          className="price"
        >
          â‚¬50
        </span>
      </a>
    </Link>
  </div>
  <div
    className="buttonList"
  >
    <AddToCart
      id="ABC123"
    />
    <Link
      href={
        Object {
          "pathname": "update",
          "query": Object {
            "id": "ABC123",
          },
        }
      }
    >
      <a>
        Edit
      </a>
    </Link>
    <DeleteItem
      id="ABC123"
    >
      Delete
    </DeleteItem>
  </div>
</ItemStyles__Item>
`;
