// Jest Snapshot v1, https://goo.gl/fbAQLP

exports[`<Nav /> renders a minimal nav when signed out 1`] = `
<nav
  className="NavStyles-sc-11c0d2g-0 hoyqJE"
  data-test="nav"
>
  <Nav__TopBar>
    <Nav__BottomBar
      className="Nav__TopBar-sc-1h4lqeb-1 eBFvTI"
    >
      <div
        className="Nav__TopBar-sc-1h4lqeb-1 eBFvTI Nav__BottomBar-sc-1h4lqeb-0 dFJmLJ"
      >
        <Link
          href="/signup"
        >
          <a
            href="/signup"
            onClick={[Function]}
          >
            Sign In
          </a>
        </Link>
      </div>
    </Nav__BottomBar>
  </Nav__TopBar>
  <Nav__BottomBar>
    <div
      className="Nav__BottomBar-sc-1h4lqeb-0 dFJmLJ"
    >
      <Link
        href="/items"
      >
        <a
          href="/items"
          onClick={[Function]}
        >
          Shop
        </a>
      </Link>
      <AutoComplete>
        <DropDown__SearchStyles>
          <div
            className="DropDown__SearchStyles-n5d97g-2 yMPcx"
          >
            <Downshift
              defaultHighlightedIndex={null}
              defaultInputValue=""
              defaultIsOpen={false}
              defaultSelectedItem={null}
              environment={[Window]}
              getA11yStatusMessage={[Function]}
              itemToString={[Function]}
              onChange={[Function]}
              onInputValueChange={[Function]}
              onOuterClick={[Function]}
              onSelect={[Function]}
              onStateChange={[Function]}
              onUserAction={[Function]}
              scrollIntoView={[Function]}
              selectedItemChanged={[Function]}
              stateReducer={[Function]}
              suppressRefError={false}
            >
              <div
                aria-expanded={false}
                aria-haspopup="listbox"
                aria-labelledby="downshift-0-label"
                aria-owns={null}
                role="combobox"
              >
                <ApolloConsumer>
                  <input
                    aria-activedescendant={null}
                    aria-autocomplete="list"
                    aria-controls={null}
                    aria-labelledby="downshift-0-label"
                    autoComplete="off"
                    className=""
                    id="search"
                    onBlur={[Function]}
                    onChange={[Function]}
                    onKeyDown={[Function]}
                    placeholder="Search for an item.."
                    type="search"
                    value=""
                  />
                </ApolloConsumer>
              </div>
            </Downshift>
          </div>
        </DropDown__SearchStyles>
      </AutoComplete>
    </div>
  </Nav__BottomBar>
</nav>
`;

exports[`<Nav /> renders the amount of items in the cart 1`] = `
<div
  className="count CartCount__Dot-xxvp4g-1 kvCVqE"
>
  9
</div>
`;
